Analysis & Synthesis report for version3
Fri Nov 09 17:02:22 2018
Quartus II 64-Bit Version 14.0.0 Build 200 06/17/2014 SJ Web Edition


---------------------
; Table of Contents ;
---------------------
  1. Legal Notice
  2. Analysis & Synthesis Summary
  3. Analysis & Synthesis Settings
  4. Parallel Compilation
  5. Analysis & Synthesis Source Files Read
  6. Analysis & Synthesis Resource Usage Summary
  7. Analysis & Synthesis Resource Utilization by Entity
  8. User-Specified and Inferred Latches
  9. General Register Statistics
 10. Multiplexer Restructuring Statistics (Restructuring Performed)
 11. Parameter Settings for User Entity Instance: newMux:inst4
 12. Parameter Settings for User Entity Instance: varbitreg:inst
 13. Parameter Settings for User Entity Instance: varbitreg:inst23
 14. Post-Synthesis Netlist Statistics for Top Partition
 15. Elapsed Time Per Partition
 16. Analysis & Synthesis Messages



----------------
; Legal Notice ;
----------------
Copyright (C) 1991-2014 Altera Corporation. All rights reserved.
Your use of Altera Corporation's design tools, logic functions 
and other software and tools, and its AMPP partner logic 
functions, and any output files from any of the foregoing 
(including device programming or simulation files), and any 
associated documentation or information are expressly subject 
to the terms and conditions of the Altera Program License 
Subscription Agreement, the Altera Quartus II License Agreement,
the Altera MegaCore Function License Agreement, or other 
applicable license agreement, including, without limitation, 
that your use is for the sole purpose of programming logic 
devices manufactured by Altera and sold by Altera or its 
authorized distributors.  Please refer to the applicable 
agreement for further details.



+---------------------------------------------------------------------------------+
; Analysis & Synthesis Summary                                                    ;
+------------------------------------+--------------------------------------------+
; Analysis & Synthesis Status        ; Successful - Fri Nov 09 17:02:22 2018      ;
; Quartus II 64-Bit Version          ; 14.0.0 Build 200 06/17/2014 SJ Web Edition ;
; Revision Name                      ; version3                                   ;
; Top-level Entity Name              ; main                                       ;
; Family                             ; Cyclone IV E                               ;
; Total logic elements               ; 56                                         ;
;     Total combinational functions  ; 46                                         ;
;     Dedicated logic registers      ; 10                                         ;
; Total registers                    ; 10                                         ;
; Total pins                         ; 78                                         ;
; Total virtual pins                 ; 0                                          ;
; Total memory bits                  ; 0                                          ;
; Embedded Multiplier 9-bit elements ; 0                                          ;
; Total PLLs                         ; 0                                          ;
+------------------------------------+--------------------------------------------+


+----------------------------------------------------------------------------------------------------------------------+
; Analysis & Synthesis Settings                                                                                        ;
+----------------------------------------------------------------------------+--------------------+--------------------+
; Option                                                                     ; Setting            ; Default Value      ;
+----------------------------------------------------------------------------+--------------------+--------------------+
; Device                                                                     ; EP4CE115F29C7      ;                    ;
; Top-level entity name                                                      ; main               ; version3           ;
; Family name                                                                ; Cyclone IV E       ; Cyclone IV GX      ;
; Use smart compilation                                                      ; Off                ; Off                ;
; Enable parallel Assembler and TimeQuest Timing Analyzer during compilation ; On                 ; On                 ;
; Enable compact report table                                                ; Off                ; Off                ;
; Restructure Multiplexers                                                   ; Auto               ; Auto               ;
; Create Debugging Nodes for IP Cores                                        ; Off                ; Off                ;
; Preserve fewer node names                                                  ; On                 ; On                 ;
; Disable OpenCore Plus hardware evaluation                                  ; Off                ; Off                ;
; Verilog Version                                                            ; Verilog_2001       ; Verilog_2001       ;
; VHDL Version                                                               ; VHDL_1993          ; VHDL_1993          ;
; State Machine Processing                                                   ; Auto               ; Auto               ;
; Safe State Machine                                                         ; Off                ; Off                ;
; Extract Verilog State Machines                                             ; On                 ; On                 ;
; Extract VHDL State Machines                                                ; On                 ; On                 ;
; Ignore Verilog initial constructs                                          ; Off                ; Off                ;
; Iteration limit for constant Verilog loops                                 ; 5000               ; 5000               ;
; Iteration limit for non-constant Verilog loops                             ; 250                ; 250                ;
; Add Pass-Through Logic to Inferred RAMs                                    ; On                 ; On                 ;
; Infer RAMs from Raw Logic                                                  ; On                 ; On                 ;
; Parallel Synthesis                                                         ; On                 ; On                 ;
; DSP Block Balancing                                                        ; Auto               ; Auto               ;
; NOT Gate Push-Back                                                         ; On                 ; On                 ;
; Power-Up Don't Care                                                        ; On                 ; On                 ;
; Remove Redundant Logic Cells                                               ; Off                ; Off                ;
; Remove Duplicate Registers                                                 ; On                 ; On                 ;
; Ignore CARRY Buffers                                                       ; Off                ; Off                ;
; Ignore CASCADE Buffers                                                     ; Off                ; Off                ;
; Ignore GLOBAL Buffers                                                      ; Off                ; Off                ;
; Ignore ROW GLOBAL Buffers                                                  ; Off                ; Off                ;
; Ignore LCELL Buffers                                                       ; Off                ; Off                ;
; Ignore SOFT Buffers                                                        ; On                 ; On                 ;
; Limit AHDL Integers to 32 Bits                                             ; Off                ; Off                ;
; Optimization Technique                                                     ; Balanced           ; Balanced           ;
; Carry Chain Length                                                         ; 70                 ; 70                 ;
; Auto Carry Chains                                                          ; On                 ; On                 ;
; Auto Open-Drain Pins                                                       ; On                 ; On                 ;
; Perform WYSIWYG Primitive Resynthesis                                      ; Off                ; Off                ;
; Auto ROM Replacement                                                       ; On                 ; On                 ;
; Auto RAM Replacement                                                       ; On                 ; On                 ;
; Auto DSP Block Replacement                                                 ; On                 ; On                 ;
; Auto Shift Register Replacement                                            ; Auto               ; Auto               ;
; Allow Shift Register Merging across Hierarchies                            ; Auto               ; Auto               ;
; Auto Clock Enable Replacement                                              ; On                 ; On                 ;
; Strict RAM Replacement                                                     ; Off                ; Off                ;
; Allow Synchronous Control Signals                                          ; On                 ; On                 ;
; Force Use of Synchronous Clear Signals                                     ; Off                ; Off                ;
; Auto RAM Block Balancing                                                   ; On                 ; On                 ;
; Auto RAM to Logic Cell Conversion                                          ; Off                ; Off                ;
; Auto Resource Sharing                                                      ; Off                ; Off                ;
; Allow Any RAM Size For Recognition                                         ; Off                ; Off                ;
; Allow Any ROM Size For Recognition                                         ; Off                ; Off                ;
; Allow Any Shift Register Size For Recognition                              ; Off                ; Off                ;
; Use LogicLock Constraints during Resource Balancing                        ; On                 ; On                 ;
; Ignore translate_off and synthesis_off directives                          ; Off                ; Off                ;
; Timing-Driven Synthesis                                                    ; On                 ; On                 ;
; Report Parameter Settings                                                  ; On                 ; On                 ;
; Report Source Assignments                                                  ; On                 ; On                 ;
; Report Connectivity Checks                                                 ; On                 ; On                 ;
; Ignore Maximum Fan-Out Assignments                                         ; Off                ; Off                ;
; Synchronization Register Chain Length                                      ; 2                  ; 2                  ;
; PowerPlay Power Optimization                                               ; Normal compilation ; Normal compilation ;
; HDL message level                                                          ; Level2             ; Level2             ;
; Suppress Register Optimization Related Messages                            ; Off                ; Off                ;
; Number of Removed Registers Reported in Synthesis Report                   ; 5000               ; 5000               ;
; Number of Swept Nodes Reported in Synthesis Report                         ; 5000               ; 5000               ;
; Number of Inverted Registers Reported in Synthesis Report                  ; 100                ; 100                ;
; Clock MUX Protection                                                       ; On                 ; On                 ;
; Auto Gated Clock Conversion                                                ; Off                ; Off                ;
; Block Design Naming                                                        ; Auto               ; Auto               ;
; SDC constraint protection                                                  ; Off                ; Off                ;
; Synthesis Effort                                                           ; Auto               ; Auto               ;
; Shift Register Replacement - Allow Asynchronous Clear Signal               ; On                 ; On                 ;
; Pre-Mapping Resynthesis Optimization                                       ; Off                ; Off                ;
; Analysis & Synthesis Message Level                                         ; Medium             ; Medium             ;
; Disable Register Merging Across Hierarchies                                ; Auto               ; Auto               ;
; Resource Aware Inference For Block RAM                                     ; On                 ; On                 ;
; Synthesis Seed                                                             ; 1                  ; 1                  ;
+----------------------------------------------------------------------------+--------------------+--------------------+


Parallel compilation was disabled, but you have multiple processors available. Enable parallel compilation to reduce compilation time.
+-------------------------------------+
; Parallel Compilation                ;
+----------------------------+--------+
; Processors                 ; Number ;
+----------------------------+--------+
; Number detected on machine ; 8      ;
; Maximum allowed            ; 1      ;
+----------------------------+--------+


+---------------------------------------------------------------------------------------------------------------------------------------------------------+
; Analysis & Synthesis Source Files Read                                                                                                                  ;
+----------------------------------+-----------------+------------------------------------+-----------------------------------------------------+---------+
; File Name with User-Entered Path ; Used in Netlist ; File Type                          ; File Name with Absolute Path                        ; Library ;
+----------------------------------+-----------------+------------------------------------+-----------------------------------------------------+---------+
; varbitreg.vhd                    ; yes             ; User VHDL File                     ; C:/Users/Azorac/Desktop/version3/varbitreg.vhd      ;         ;
; main.bdf                         ; yes             ; User Block Diagram/Schematic File  ; C:/Users/Azorac/Desktop/version3/main.bdf           ;         ;
; ALU.vhd                          ; yes             ; User VHDL File                     ; C:/Users/Azorac/Desktop/version3/ALU.vhd            ;         ;
; sevenSegDriver.vhd               ; yes             ; User VHDL File                     ; C:/Users/Azorac/Desktop/version3/sevenSegDriver.vhd ;         ;
; filter.vhd                       ; yes             ; User VHDL File                     ; C:/Users/Azorac/Desktop/version3/filter.vhd         ;         ;
; newMux.vhd                       ; yes             ; User VHDL File                     ; C:/Users/Azorac/Desktop/version3/newMux.vhd         ;         ;
+----------------------------------+-----------------+------------------------------------+-----------------------------------------------------+---------+


+-----------------------------------------------------------------+
; Analysis & Synthesis Resource Usage Summary                     ;
+---------------------------------------------+-------------------+
; Resource                                    ; Usage             ;
+---------------------------------------------+-------------------+
; Estimated Total logic elements              ; 56                ;
;                                             ;                   ;
; Total combinational functions               ; 46                ;
; Logic element usage by number of LUT inputs ;                   ;
;     -- 4 input functions                    ; 22                ;
;     -- 3 input functions                    ; 18                ;
;     -- <=2 input functions                  ; 6                 ;
;                                             ;                   ;
; Logic elements by mode                      ;                   ;
;     -- normal mode                          ; 46                ;
;     -- arithmetic mode                      ; 0                 ;
;                                             ;                   ;
; Total registers                             ; 10                ;
;     -- Dedicated logic registers            ; 10                ;
;     -- I/O registers                        ; 0                 ;
;                                             ;                   ;
; I/O pins                                    ; 78                ;
; Embedded Multiplier 9-bit elements          ; 0                 ;
; Maximum fan-out node                        ; filter:inst5|F[5] ;
; Maximum fan-out                             ; 15                ;
; Total fan-out                               ; 306               ;
; Average fan-out                             ; 1.44              ;
+---------------------------------------------+-------------------+


+-------------------------------------------------------------------------------------------------------------------------------------------------------------------------------------+
; Analysis & Synthesis Resource Utilization by Entity                                                                                                                                 ;
+----------------------------+-------------------+--------------+-------------+--------------+---------+-----------+------+--------------+-----------------------------+--------------+
; Compilation Hierarchy Node ; LC Combinationals ; LC Registers ; Memory Bits ; DSP Elements ; DSP 9x9 ; DSP 18x18 ; Pins ; Virtual Pins ; Full Hierarchy Name         ; Library Name ;
+----------------------------+-------------------+--------------+-------------+--------------+---------+-----------+------+--------------+-----------------------------+--------------+
; |main                      ; 46 (0)            ; 10 (0)       ; 0           ; 0            ; 0       ; 0         ; 78   ; 0            ; |main                       ; work         ;
;    |ALU:inst24|            ; 4 (4)             ; 0 (0)        ; 0           ; 0            ; 0       ; 0         ; 0    ; 0            ; |main|ALU:inst24            ; work         ;
;    |filter:inst5|          ; 20 (20)           ; 0 (0)        ; 0           ; 0            ; 0       ; 0         ; 0    ; 0            ; |main|filter:inst5          ; work         ;
;    |newMux:inst4|          ; 7 (7)             ; 0 (0)        ; 0           ; 0            ; 0       ; 0         ; 0    ; 0            ; |main|newMux:inst4          ; work         ;
;    |sevenSegDriver:inst15| ; 7 (7)             ; 0 (0)        ; 0           ; 0            ; 0       ; 0         ; 0    ; 0            ; |main|sevenSegDriver:inst15 ; work         ;
;    |sevenSegDriver:inst16| ; 1 (1)             ; 0 (0)        ; 0           ; 0            ; 0       ; 0         ; 0    ; 0            ; |main|sevenSegDriver:inst16 ; work         ;
;    |sevenSegDriver:inst22| ; 7 (7)             ; 0 (0)        ; 0           ; 0            ; 0       ; 0         ; 0    ; 0            ; |main|sevenSegDriver:inst22 ; work         ;
;    |varbitreg:inst23|      ; 0 (0)             ; 5 (5)        ; 0           ; 0            ; 0       ; 0         ; 0    ; 0            ; |main|varbitreg:inst23      ; work         ;
;    |varbitreg:inst|        ; 0 (0)             ; 5 (5)        ; 0           ; 0            ; 0       ; 0         ; 0    ; 0            ; |main|varbitreg:inst        ; work         ;
+----------------------------+-------------------+--------------+-------------+--------------+---------+-----------+------+--------------+-----------------------------+--------------+
Note: For table entries with two numbers listed, the numbers in parentheses indicate the number of resources of the given type used by the specific entity alone. The numbers listed outside of parentheses indicate the total resources of the given type used by the specific entity and all of its sub-entities in the hierarchy.


+----------------------------------------------------------------------------------------------------+
; User-Specified and Inferred Latches                                                                ;
+-----------------------------------------------------+---------------------+------------------------+
; Latch Name                                          ; Latch Enable Signal ; Free of Timing Hazards ;
+-----------------------------------------------------+---------------------+------------------------+
; filter:inst5|F[0]                                   ; filter:inst5|F[31]  ; yes                    ;
; filter:inst5|F[1]                                   ; filter:inst5|F[31]  ; yes                    ;
; filter:inst5|F[2]                                   ; filter:inst5|F[31]  ; yes                    ;
; filter:inst5|F[3]                                   ; filter:inst5|F[31]  ; yes                    ;
; filter:inst5|F[4]                                   ; filter:inst5|F[31]  ; yes                    ;
; filter:inst5|F[5]                                   ; filter:inst5|F[31]  ; yes                    ;
; filter:inst5|F[6]                                   ; filter:inst5|F[31]  ; yes                    ;
; filter:inst5|F[7]                                   ; filter:inst5|F[31]  ; yes                    ;
; filter:inst5|F[8]                                   ; filter:inst5|F[31]  ; yes                    ;
; filter:inst5|F[9]                                   ; filter:inst5|F[31]  ; yes                    ;
; filter:inst5|F[10]                                  ; filter:inst5|F[31]  ; yes                    ;
; filter:inst5|F[11]                                  ; filter:inst5|F[31]  ; yes                    ;
; filter:inst5|F[12]                                  ; filter:inst5|F[31]  ; yes                    ;
; filter:inst5|F[13]                                  ; filter:inst5|F[31]  ; yes                    ;
; filter:inst5|F[14]                                  ; filter:inst5|F[31]  ; yes                    ;
; filter:inst5|F[15]                                  ; filter:inst5|F[31]  ; yes                    ;
; filter:inst5|F[16]                                  ; filter:inst5|F[31]  ; yes                    ;
; filter:inst5|F[17]                                  ; filter:inst5|F[31]  ; yes                    ;
; filter:inst5|F[18]                                  ; filter:inst5|F[31]  ; yes                    ;
; filter:inst5|F[19]                                  ; filter:inst5|F[31]  ; yes                    ;
; filter:inst5|F[24]                                  ; filter:inst5|F[31]  ; yes                    ;
; filter:inst5|F[25]                                  ; filter:inst5|F[31]  ; yes                    ;
; filter:inst5|F[26]                                  ; filter:inst5|F[31]  ; yes                    ;
; filter:inst5|F[27]                                  ; filter:inst5|F[31]  ; yes                    ;
; filter:inst5|F[28]                                  ; filter:inst5|F[31]  ; yes                    ;
; filter:inst5|F[29]                                  ; filter:inst5|F[31]  ; yes                    ;
; filter:inst5|F[30]                                  ; filter:inst5|F[31]  ; yes                    ;
; filter:inst5|F[31]                                  ; filter:inst5|F[31]  ; yes                    ;
; filter:inst5|F[20]                                  ; filter:inst5|F[31]  ; yes                    ;
; filter:inst5|F[21]                                  ; filter:inst5|F[31]  ; yes                    ;
; filter:inst5|F[22]                                  ; filter:inst5|F[31]  ; yes                    ;
; filter:inst5|F[23]                                  ; filter:inst5|F[31]  ; yes                    ;
; newMux:inst4|plainText[0]                           ; newMux:inst4|F[31]  ; yes                    ;
; ALU:inst24|feedback                                 ; ALU:inst24|Mux17    ; yes                    ;
; newMux:inst4|plainText[1]                           ; newMux:inst4|F[31]  ; yes                    ;
; newMux:inst4|plainText[2]                           ; newMux:inst4|F[31]  ; yes                    ;
; newMux:inst4|plainText[3]                           ; newMux:inst4|F[31]  ; yes                    ;
; newMux:inst4|plainText[4]                           ; newMux:inst4|F[31]  ; yes                    ;
; Number of user-specified and inferred latches = 38  ;                     ;                        ;
+-----------------------------------------------------+---------------------+------------------------+
Note: All latches listed above may not be present at the end of synthesis due to various synthesis optimizations.


+------------------------------------------------------+
; General Register Statistics                          ;
+----------------------------------------------+-------+
; Statistic                                    ; Value ;
+----------------------------------------------+-------+
; Total registers                              ; 10    ;
; Number of registers using Synchronous Clear  ; 0     ;
; Number of registers using Synchronous Load   ; 0     ;
; Number of registers using Asynchronous Clear ; 0     ;
; Number of registers using Asynchronous Load  ; 0     ;
; Number of registers using Clock Enable       ; 10    ;
; Number of registers using Preset             ; 0     ;
+----------------------------------------------+-------+


+-----------------------------------------------------------------------------------------------------------------------------------------------+
; Multiplexer Restructuring Statistics (Restructuring Performed)                                                                                ;
+--------------------+-----------+---------------+----------------------+------------------------+------------+---------------------------------+
; Multiplexer Inputs ; Bus Width ; Baseline Area ; Area if Restructured ; Saving if Restructured ; Registered ; Example Multiplexer Output      ;
+--------------------+-----------+---------------+----------------------+------------------------+------------+---------------------------------+
; 3:1                ; 5 bits    ; 10 LEs        ; 10 LEs               ; 0 LEs                  ; No         ; |main|newMux:inst4|plainText[3] ;
+--------------------+-----------+---------------+----------------------+------------------------+------------+---------------------------------+


+-----------------------------------------------------------+
; Parameter Settings for User Entity Instance: newMux:inst4 ;
+----------------+----------+-------------------------------+
; Parameter Name ; Value    ; Type                          ;
+----------------+----------+-------------------------------+
; blank          ; 00000000 ; Unsigned Binary               ;
+----------------+----------+-------------------------------+
Note: In order to hide this table in the UI and the text report file, please set the "Show Parameter Settings in Synthesis Report" option in "Analysis and Synthesis Settings -> More Settings" to "Off".


+-------------------------------------------------------------+
; Parameter Settings for User Entity Instance: varbitreg:inst ;
+----------------+-------+------------------------------------+
; Parameter Name ; Value ; Type                               ;
+----------------+-------+------------------------------------+
; n              ; 5     ; Signed Integer                     ;
+----------------+-------+------------------------------------+
Note: In order to hide this table in the UI and the text report file, please set the "Show Parameter Settings in Synthesis Report" option in "Analysis and Synthesis Settings -> More Settings" to "Off".


+---------------------------------------------------------------+
; Parameter Settings for User Entity Instance: varbitreg:inst23 ;
+----------------+-------+--------------------------------------+
; Parameter Name ; Value ; Type                                 ;
+----------------+-------+--------------------------------------+
; n              ; 5     ; Signed Integer                       ;
+----------------+-------+--------------------------------------+
Note: In order to hide this table in the UI and the text report file, please set the "Show Parameter Settings in Synthesis Report" option in "Analysis and Synthesis Settings -> More Settings" to "Off".


+-----------------------------------------------------+
; Post-Synthesis Netlist Statistics for Top Partition ;
+-----------------------+-----------------------------+
; Type                  ; Count                       ;
+-----------------------+-----------------------------+
; boundary_port         ; 78                          ;
; cycloneiii_ff         ; 10                          ;
;     ENA               ; 10                          ;
; cycloneiii_lcell_comb ; 49                          ;
;     normal            ; 49                          ;
;         0 data inputs ; 1                           ;
;         1 data inputs ; 2                           ;
;         2 data inputs ; 6                           ;
;         3 data inputs ; 18                          ;
;         4 data inputs ; 22                          ;
;                       ;                             ;
; Max LUT depth         ; 4.00                        ;
; Average LUT depth     ; 2.49                        ;
+-----------------------+-----------------------------+


+-------------------------------+
; Elapsed Time Per Partition    ;
+----------------+--------------+
; Partition Name ; Elapsed Time ;
+----------------+--------------+
; Top            ; 00:00:00     ;
+----------------+--------------+


+-------------------------------+
; Analysis & Synthesis Messages ;
+-------------------------------+
Info: *******************************************************************
Info: Running Quartus II 64-Bit Analysis & Synthesis
    Info: Version 14.0.0 Build 200 06/17/2014 SJ Web Edition
    Info: Processing started: Fri Nov 09 17:02:20 2018
Info: Command: quartus_map --read_settings_files=on --write_settings_files=off version3 -c version3
Warning (20028): Parallel compilation is not licensed and has been disabled
Info (12021): Found 2 design units, including 1 entities, in source file varbitreg.vhd
    Info (12022): Found design unit 1: varbitreg-arch
    Info (12023): Found entity 1: varbitreg
Info (12021): Found 1 design units, including 1 entities, in source file main.bdf
    Info (12023): Found entity 1: main
Info (12021): Found 2 design units, including 1 entities, in source file alu.vhd
    Info (12022): Found design unit 1: ALU-options
    Info (12023): Found entity 1: ALU
Warning (12090): Entity "Mux" obtained from "Mux.vhd" instead of from Quartus II megafunction library
Info (12021): Found 2 design units, including 1 entities, in source file mux.vhd
    Info (12022): Found design unit 1: Mux-arch
    Info (12023): Found entity 1: Mux
Info (12021): Found 2 design units, including 1 entities, in source file sevensegdriver.vhd
    Info (12022): Found design unit 1: sevenSegDriver-mapping
    Info (12023): Found entity 1: sevenSegDriver
Info (12021): Found 2 design units, including 1 entities, in source file filter.vhd
    Info (12022): Found design unit 1: filter-arch
    Info (12023): Found entity 1: filter
Info (12021): Found 2 design units, including 1 entities, in source file newmux.vhd
    Info (12022): Found design unit 1: newMux-arch
    Info (12023): Found entity 1: newMux
Info (12127): Elaborating entity "main" for the top level hierarchy
Info (12128): Elaborating entity "sevenSegDriver" for hierarchy "sevenSegDriver:inst22"
Info (12128): Elaborating entity "filter" for hierarchy "filter:inst5"
Warning (10540): VHDL Signal Declaration warning at filter.vhd(20): used explicit default value for signal "padding" because signal was never assigned a value
Warning (10492): VHDL Process Statement warning at filter.vhd(29): signal "encrypted" is read inside the Process Statement but isn't in the Process Statement's sensitivity list
Warning (10492): VHDL Process Statement warning at filter.vhd(29): signal "plainText" is read inside the Process Statement but isn't in the Process Statement's sensitivity list
Warning (10492): VHDL Process Statement warning at filter.vhd(31): signal "encrypted" is read inside the Process Statement but isn't in the Process Statement's sensitivity list
Warning (10492): VHDL Process Statement warning at filter.vhd(33): signal "encrypted" is read inside the Process Statement but isn't in the Process Statement's sensitivity list
Warning (10492): VHDL Process Statement warning at filter.vhd(33): signal "plainText" is read inside the Process Statement but isn't in the Process Statement's sensitivity list
Warning (10492): VHDL Process Statement warning at filter.vhd(35): signal "padding" is read inside the Process Statement but isn't in the Process Statement's sensitivity list
Warning (10492): VHDL Process Statement warning at filter.vhd(35): signal "plainText" is read inside the Process Statement but isn't in the Process Statement's sensitivity list
Warning (10631): VHDL Process Statement warning at filter.vhd(23): inferring latch(es) for signal or variable "F", which holds its previous value in one or more paths through the process
Info (10041): Inferred latch for "F[0]" at filter.vhd(23)
Info (10041): Inferred latch for "F[1]" at filter.vhd(23)
Info (10041): Inferred latch for "F[2]" at filter.vhd(23)
Info (10041): Inferred latch for "F[3]" at filter.vhd(23)
Info (10041): Inferred latch for "F[4]" at filter.vhd(23)
Info (10041): Inferred latch for "F[5]" at filter.vhd(23)
Info (10041): Inferred latch for "F[6]" at filter.vhd(23)
Info (10041): Inferred latch for "F[7]" at filter.vhd(23)
Info (10041): Inferred latch for "F[8]" at filter.vhd(23)
Info (10041): Inferred latch for "F[9]" at filter.vhd(23)
Info (10041): Inferred latch for "F[10]" at filter.vhd(23)
Info (10041): Inferred latch for "F[11]" at filter.vhd(23)
Info (10041): Inferred latch for "F[12]" at filter.vhd(23)
Info (10041): Inferred latch for "F[13]" at filter.vhd(23)
Info (10041): Inferred latch for "F[14]" at filter.vhd(23)
Info (10041): Inferred latch for "F[15]" at filter.vhd(23)
Info (10041): Inferred latch for "F[16]" at filter.vhd(23)
Info (10041): Inferred latch for "F[17]" at filter.vhd(23)
Info (10041): Inferred latch for "F[18]" at filter.vhd(23)
Info (10041): Inferred latch for "F[19]" at filter.vhd(23)
Info (10041): Inferred latch for "F[20]" at filter.vhd(23)
Info (10041): Inferred latch for "F[21]" at filter.vhd(23)
Info (10041): Inferred latch for "F[22]" at filter.vhd(23)
Info (10041): Inferred latch for "F[23]" at filter.vhd(23)
Info (10041): Inferred latch for "F[24]" at filter.vhd(23)
Info (10041): Inferred latch for "F[25]" at filter.vhd(23)
Info (10041): Inferred latch for "F[26]" at filter.vhd(23)
Info (10041): Inferred latch for "F[27]" at filter.vhd(23)
Info (10041): Inferred latch for "F[28]" at filter.vhd(23)
Info (10041): Inferred latch for "F[29]" at filter.vhd(23)
Info (10041): Inferred latch for "F[30]" at filter.vhd(23)
Info (10041): Inferred latch for "F[31]" at filter.vhd(23)
Info (12128): Elaborating entity "newMux" for hierarchy "newMux:inst4"
Warning (10492): VHDL Process Statement warning at newMux.vhd(36): signal "toggle1" is read inside the Process Statement but isn't in the Process Statement's sensitivity list
Warning (10492): VHDL Process Statement warning at newMux.vhd(37): signal "toggle2" is read inside the Process Statement but isn't in the Process Statement's sensitivity list
Warning (10492): VHDL Process Statement warning at newMux.vhd(43): signal "encrypted" is read inside the Process Statement but isn't in the Process Statement's sensitivity list
Warning (10492): VHDL Process Statement warning at newMux.vhd(46): signal "original" is read inside the Process Statement but isn't in the Process Statement's sensitivity list
Warning (10492): VHDL Process Statement warning at newMux.vhd(50): signal "seed" is read inside the Process Statement but isn't in the Process Statement's sensitivity list
Warning (10631): VHDL Process Statement warning at newMux.vhd(33): inferring latch(es) for signal or variable "F", which holds its previous value in one or more paths through the process
Warning (10631): VHDL Process Statement warning at newMux.vhd(33): inferring latch(es) for signal or variable "plainText", which holds its previous value in one or more paths through the process
Info (10041): Inferred latch for "plainText[0]" at newMux.vhd(33)
Info (10041): Inferred latch for "plainText[1]" at newMux.vhd(33)
Info (10041): Inferred latch for "plainText[2]" at newMux.vhd(33)
Info (10041): Inferred latch for "plainText[3]" at newMux.vhd(33)
Info (10041): Inferred latch for "plainText[4]" at newMux.vhd(33)
Info (10041): Inferred latch for "F[0]" at newMux.vhd(33)
Info (10041): Inferred latch for "F[1]" at newMux.vhd(33)
Info (10041): Inferred latch for "F[2]" at newMux.vhd(33)
Info (10041): Inferred latch for "F[3]" at newMux.vhd(33)
Info (10041): Inferred latch for "F[4]" at newMux.vhd(33)
Info (10041): Inferred latch for "F[5]" at newMux.vhd(33)
Info (10041): Inferred latch for "F[6]" at newMux.vhd(33)
Info (10041): Inferred latch for "F[7]" at newMux.vhd(33)
Info (10041): Inferred latch for "F[8]" at newMux.vhd(33)
Info (10041): Inferred latch for "F[9]" at newMux.vhd(33)
Info (10041): Inferred latch for "F[10]" at newMux.vhd(33)
Info (10041): Inferred latch for "F[11]" at newMux.vhd(33)
Info (10041): Inferred latch for "F[12]" at newMux.vhd(33)
Info (10041): Inferred latch for "F[13]" at newMux.vhd(33)
Info (10041): Inferred latch for "F[14]" at newMux.vhd(33)
Info (10041): Inferred latch for "F[15]" at newMux.vhd(33)
Info (10041): Inferred latch for "F[16]" at newMux.vhd(33)
Info (10041): Inferred latch for "F[17]" at newMux.vhd(33)
Info (10041): Inferred latch for "F[18]" at newMux.vhd(33)
Info (10041): Inferred latch for "F[19]" at newMux.vhd(33)
Info (10041): Inferred latch for "F[20]" at newMux.vhd(33)
Info (10041): Inferred latch for "F[21]" at newMux.vhd(33)
Info (10041): Inferred latch for "F[22]" at newMux.vhd(33)
Info (10041): Inferred latch for "F[23]" at newMux.vhd(33)
Info (10041): Inferred latch for "F[24]" at newMux.vhd(33)
Info (10041): Inferred latch for "F[25]" at newMux.vhd(33)
Info (10041): Inferred latch for "F[26]" at newMux.vhd(33)
Info (10041): Inferred latch for "F[27]" at newMux.vhd(33)
Info (10041): Inferred latch for "F[28]" at newMux.vhd(33)
Info (10041): Inferred latch for "F[29]" at newMux.vhd(33)
Info (10041): Inferred latch for "F[30]" at newMux.vhd(33)
Info (10041): Inferred latch for "F[31]" at newMux.vhd(33)
Info (12128): Elaborating entity "ALU" for hierarchy "ALU:inst24"
Warning (10541): VHDL Signal Declaration warning at ALU.vhd(21): used implicit default value for signal "encryptedMessage" because signal was never assigned a value or an explicit default value. Use of implicit default value may introduce unintended design optimizations.
Warning (10492): VHDL Process Statement warning at ALU.vhd(30): signal "seed" is read inside the Process Statement but isn't in the Process Statement's sensitivity list
Warning (10492): VHDL Process Statement warning at ALU.vhd(31): signal "encryptedMessage" is read inside the Process Statement but isn't in the Process Statement's sensitivity list
Warning (10492): VHDL Process Statement warning at ALU.vhd(31): signal "feedback" is read inside the Process Statement but isn't in the Process Statement's sensitivity list
Warning (10631): VHDL Process Statement warning at ALU.vhd(25): inferring latch(es) for signal or variable "feedback", which holds its previous value in one or more paths through the process
Info (10041): Inferred latch for "feedback" at ALU.vhd(25)
Info (12128): Elaborating entity "varbitreg" for hierarchy "varbitreg:inst"
Warning (14026): LATCH primitive "newMux:inst4|F[3]" is permanently enabled
Warning (14026): LATCH primitive "newMux:inst4|F[0]" is permanently enabled
Warning (14026): LATCH primitive "newMux:inst4|F[1]" is permanently enabled
Warning (14026): LATCH primitive "newMux:inst4|F[2]" is permanently enabled
Warning (14026): LATCH primitive "newMux:inst4|F[4]" is permanently enabled
Warning (14026): LATCH primitive "newMux:inst4|F[5]" is permanently enabled
Warning (14026): LATCH primitive "newMux:inst4|F[6]" is permanently enabled
Warning (14026): LATCH primitive "newMux:inst4|F[7]" is permanently enabled
Warning (14026): LATCH primitive "newMux:inst4|F[8]" is permanently enabled
Warning (14026): LATCH primitive "newMux:inst4|F[9]" is permanently enabled
Warning (14026): LATCH primitive "newMux:inst4|F[10]" is permanently enabled
Warning (14026): LATCH primitive "newMux:inst4|F[11]" is permanently enabled
Warning (14026): LATCH primitive "newMux:inst4|F[12]" is permanently enabled
Warning (14026): LATCH primitive "newMux:inst4|F[13]" is permanently enabled
Warning (14026): LATCH primitive "newMux:inst4|F[14]" is permanently enabled
Warning (14026): LATCH primitive "newMux:inst4|F[15]" is permanently enabled
Warning (14026): LATCH primitive "newMux:inst4|F[16]" is permanently enabled
Warning (14026): LATCH primitive "newMux:inst4|F[17]" is permanently enabled
Warning (14026): LATCH primitive "newMux:inst4|F[18]" is permanently enabled
Warning (14026): LATCH primitive "newMux:inst4|F[19]" is permanently enabled
Warning (14026): LATCH primitive "newMux:inst4|F[20]" is permanently enabled
Warning (14026): LATCH primitive "newMux:inst4|F[21]" is permanently enabled
Warning (14026): LATCH primitive "newMux:inst4|F[22]" is permanently enabled
Warning (14026): LATCH primitive "newMux:inst4|F[23]" is permanently enabled
Warning (14026): LATCH primitive "newMux:inst4|F[24]" is permanently enabled
Warning (14026): LATCH primitive "newMux:inst4|F[25]" is permanently enabled
Warning (14026): LATCH primitive "newMux:inst4|F[26]" is permanently enabled
Warning (14026): LATCH primitive "newMux:inst4|F[27]" is permanently enabled
Warning (14026): LATCH primitive "newMux:inst4|F[28]" is permanently enabled
Warning (14026): LATCH primitive "newMux:inst4|F[29]" is permanently enabled
Warning (14026): LATCH primitive "newMux:inst4|F[30]" is permanently enabled
Warning (14026): LATCH primitive "newMux:inst4|F[31]" is permanently enabled
Info (13025): Duplicate LATCH primitives merged into single LATCH primitive
    Info (13026): Duplicate LATCH primitive "filter:inst5|F[7]" merged with LATCH primitive "filter:inst5|F[5]"
    Info (13026): Duplicate LATCH primitive "filter:inst5|F[11]" merged with LATCH primitive "filter:inst5|F[5]"
    Info (13026): Duplicate LATCH primitive "filter:inst5|F[9]" merged with LATCH primitive "filter:inst5|F[5]"
    Info (13026): Duplicate LATCH primitive "filter:inst5|F[15]" merged with LATCH primitive "filter:inst5|F[5]"
    Info (13026): Duplicate LATCH primitive "filter:inst5|F[13]" merged with LATCH primitive "filter:inst5|F[5]"
    Info (13026): Duplicate LATCH primitive "filter:inst5|F[19]" merged with LATCH primitive "filter:inst5|F[5]"
    Info (13026): Duplicate LATCH primitive "filter:inst5|F[17]" merged with LATCH primitive "filter:inst5|F[5]"
    Info (13026): Duplicate LATCH primitive "filter:inst5|F[27]" merged with LATCH primitive "filter:inst5|F[5]"
    Info (13026): Duplicate LATCH primitive "filter:inst5|F[25]" merged with LATCH primitive "filter:inst5|F[5]"
    Info (13026): Duplicate LATCH primitive "filter:inst5|F[31]" merged with LATCH primitive "filter:inst5|F[5]"
    Info (13026): Duplicate LATCH primitive "filter:inst5|F[29]" merged with LATCH primitive "filter:inst5|F[5]"
    Info (13026): Duplicate LATCH primitive "filter:inst5|F[23]" merged with LATCH primitive "filter:inst5|F[5]"
    Info (13026): Duplicate LATCH primitive "filter:inst5|F[21]" merged with LATCH primitive "filter:inst5|F[5]"
    Info (13026): Duplicate LATCH primitive "filter:inst5|F[10]" merged with LATCH primitive "filter:inst5|F[6]"
    Info (13026): Duplicate LATCH primitive "filter:inst5|F[8]" merged with LATCH primitive "filter:inst5|F[6]"
    Info (13026): Duplicate LATCH primitive "filter:inst5|F[14]" merged with LATCH primitive "filter:inst5|F[6]"
    Info (13026): Duplicate LATCH primitive "filter:inst5|F[12]" merged with LATCH primitive "filter:inst5|F[6]"
    Info (13026): Duplicate LATCH primitive "filter:inst5|F[18]" merged with LATCH primitive "filter:inst5|F[6]"
    Info (13026): Duplicate LATCH primitive "filter:inst5|F[16]" merged with LATCH primitive "filter:inst5|F[6]"
    Info (13026): Duplicate LATCH primitive "filter:inst5|F[26]" merged with LATCH primitive "filter:inst5|F[6]"
    Info (13026): Duplicate LATCH primitive "filter:inst5|F[24]" merged with LATCH primitive "filter:inst5|F[6]"
    Info (13026): Duplicate LATCH primitive "filter:inst5|F[30]" merged with LATCH primitive "filter:inst5|F[6]"
    Info (13026): Duplicate LATCH primitive "filter:inst5|F[28]" merged with LATCH primitive "filter:inst5|F[6]"
    Info (13026): Duplicate LATCH primitive "filter:inst5|F[22]" merged with LATCH primitive "filter:inst5|F[6]"
    Info (13026): Duplicate LATCH primitive "filter:inst5|F[20]" merged with LATCH primitive "filter:inst5|F[6]"
Warning (13012): Latch filter:inst5|F[0] has unsafe behavior
    Warning (13013): Ports D and ENA on the latch are fed by the same signal newMux:inst4|plainText[0]
Warning (13012): Latch filter:inst5|F[1] has unsafe behavior
    Warning (13013): Ports D and ENA on the latch are fed by the same signal newMux:inst4|plainText[1]
Warning (13012): Latch filter:inst5|F[2] has unsafe behavior
    Warning (13013): Ports D and ENA on the latch are fed by the same signal newMux:inst4|plainText[2]
Warning (13012): Latch filter:inst5|F[3] has unsafe behavior
    Warning (13013): Ports D and ENA on the latch are fed by the same signal newMux:inst4|plainText[3]
Warning (13012): Latch filter:inst5|F[4] has unsafe behavior
    Warning (13013): Ports D and ENA on the latch are fed by the same signal newMux:inst4|plainText[4]
Warning (13012): Latch filter:inst5|F[5] has unsafe behavior
    Warning (13013): Ports D and ENA on the latch are fed by the same signal system_input[17]
Warning (13012): Latch filter:inst5|F[6] has unsafe behavior
    Warning (13013): Ports D and ENA on the latch are fed by the same signal system_input[17]
Warning (13012): Latch newMux:inst4|plainText[0] has unsafe behavior
    Warning (13013): Ports D and ENA on the latch are fed by the same signal pin_name4
    Warning (13013): Ports ENA and CLR on the latch are fed by the same signal pin_name4
Warning (13012): Latch newMux:inst4|plainText[1] has unsafe behavior
    Warning (13013): Ports D and ENA on the latch are fed by the same signal pin_name4
    Warning (13013): Ports ENA and CLR on the latch are fed by the same signal pin_name4
Warning (13012): Latch newMux:inst4|plainText[2] has unsafe behavior
    Warning (13013): Ports D and ENA on the latch are fed by the same signal pin_name4
    Warning (13013): Ports ENA and CLR on the latch are fed by the same signal pin_name4
Warning (13012): Latch newMux:inst4|plainText[3] has unsafe behavior
    Warning (13013): Ports D and ENA on the latch are fed by the same signal pin_name4
    Warning (13013): Ports ENA and CLR on the latch are fed by the same signal pin_name4
Warning (13012): Latch newMux:inst4|plainText[4] has unsafe behavior
    Warning (13013): Ports D and ENA on the latch are fed by the same signal pin_name4
    Warning (13013): Ports ENA and CLR on the latch are fed by the same signal pin_name4
Warning (13024): Output pins are stuck at VCC or GND
    Warning (13410): Pin "digit3[5]" is stuck at GND
    Warning (13410): Pin "digit3[0]" is stuck at GND
    Warning (13410): Pin "digit4[5]" is stuck at GND
    Warning (13410): Pin "digit4[0]" is stuck at GND
    Warning (13410): Pin "digit5[5]" is stuck at GND
    Warning (13410): Pin "digit5[0]" is stuck at GND
    Warning (13410): Pin "digit7[5]" is stuck at GND
    Warning (13410): Pin "digit7[0]" is stuck at GND
    Warning (13410): Pin "digit8[5]" is stuck at GND
    Warning (13410): Pin "digit8[0]" is stuck at GND
    Warning (13410): Pin "diit6[5]" is stuck at GND
    Warning (13410): Pin "diit6[0]" is stuck at GND
Info (286030): Timing-Driven Synthesis is running
Info (16010): Generating hard_block partition "hard_block:auto_generated_inst"
    Info (16011): Adding 0 node(s), including 0 DDIO, 0 PLL, 0 transceiver and 0 LCELL
Warning (21074): Design contains 6 input pin(s) that do not drive logic
    Warning (15610): No output dependent on input pin "system_input[15]"
    Warning (15610): No output dependent on input pin "system_input[14]"
    Warning (15610): No output dependent on input pin "system_input[13]"
    Warning (15610): No output dependent on input pin "system_input[7]"
    Warning (15610): No output dependent on input pin "system_input[6]"
    Warning (15610): No output dependent on input pin "system_input[5]"
Info (21057): Implemented 134 device resources after synthesis - the final resource count might be different
    Info (21058): Implemented 22 input pins
    Info (21059): Implemented 56 output pins
    Info (21061): Implemented 56 logic cells
Info: Quartus II 64-Bit Analysis & Synthesis was successful. 0 errors, 104 warnings
    Info: Peak virtual memory: 4727 megabytes
    Info: Processing ended: Fri Nov 09 17:02:22 2018
    Info: Elapsed time: 00:00:02
    Info: Total CPU time (on all processors): 00:00:02


